// Jest Snapshot v1, https://goo.gl/fbAQLP

exports[`should render filterpage page correctly 1`] = `
<div
  className=""
>
  <div
    className="header-nav"
  />
  <div
    className="home_2"
  >
    <div
      className="container-fluid row m-0 px-0 p-md-3"
    >
      <div
        className=""
      />
      <div>
        <div
          className="col-12 col-md-6 mx-auto mb-4"
        >
          <select
            className="form-select"
            onChange={[Function]}
          />
        </div>
        <div
          className="row"
        />
      </div>
    </div>
  </div>
</div>
`;
