// Jest Snapshot v1, https://goo.gl/fbAQLP

exports[`should render home page correctly 1`] = `
<div
  className="home"
>
  <div
    className="vawe"
  >
    <div
      className="row m-0"
    >
      <div
        className="col-12 col-md-5 font landing-page text-center text-md-start"
      >
        <h1>
          Cooking with love provides food for the soul
        </h1>
        <div>
          <button
            className="btn sign_up__page rounded-pill font px-3"
            type="submit"
          >
            Start Cooking
          </button>
        </div>
      </div>
    </div>
  </div>
</div>
`;
